 list('список')
['с', 'п', 'и', 'с', 'о', 'к']

s = []  # Пустой список
l = ['s', 'p', ['isok'], 2]
['s', 'p', ['isok'], 2]

Генератор списков
c = [c * 3 for c in 'list']
['lll', 'iii', 'sss', 'ttt']


Таблица "методы списков"
Метод	Что делает
list.append(x)	Добавляет элемент в конец списка
list.extend(L)	Расширяет список list, добавляя в конец все элементы списка L
list.insert(i, x)	Вставляет на i-ый элемент значение x
list.remove(x)	Удаляет первый элемент в списке, имеющий значение x. ValueError, если такого элемента не существует
list.pop([i])	Удаляет i-ый элемент и возвращает его. Если индекс не указан, удаляется последний элемент
list.index(x, [start [, end]])	Возвращает положение первого элемента со значением x (при этом поиск ведется от start до end)
list.count(x)	Возвращает количество элементов со значением x
list.sort([key=функция])	Сортирует список на основе функции
list.reverse()	Разворачивает список
list.copy()	Поверхностная копия списка
list.clear()	Очищает списо


Примеры работы со списками
 a = [66.25, 333, 333, 1, 1234.5]
>>> print(a.count(333), a.count(66.25), a.count('x'))
2 1 0
>>> a.insert(2, -1)
>>> a.append(333)
>>> a
[66.25, 333, -1, 333, 1, 1234.5, 333]
>>> a.index(333)
1
>>> a.remove(333)
>>> a
[66.25, -1, 333, 1, 1234.5, 333]
>>> a.reverse()
>>> a
[333, 1234.5, 1, 333, -1, 66.25]
>>> a.sort()
>>> a
[-1, 1, 66.25, 333, 333, 1234.5]